........................................................................ [ 58%]
...................................................                      [100%]
123 passed in 23.60s
